Archive member included to satisfy reference by file (symbol)

C:/ST/STM32CubeIDE_1.18.1/STM32CubeIDE/plugins/com.st.stm32cube.ide.mcu.externaltools.gnu-tools-for-stm32.13.3.rel1.win32_1.0.0.202411081344/tools/bin/../lib/gcc/arm-none-eabi/13.3.1/../../../../arm-none-eabi/lib/thumb/v7e-m+fp/hard\libc_nano.a(libc_a-exit.o)
                              C:/ST/STM32CubeIDE_1.18.1/STM32CubeIDE/plugins/com.st.stm32cube.ide.mcu.externaltools.gnu-tools-for-stm32.13.3.rel1.win32_1.0.0.202411081344/tools/bin/../lib/gcc/arm-none-eabi/13.3.1/../../../../arm-none-eabi/lib/thumb/v7e-m+fp/hard/crt0.o (exit)
C:/ST/STM32CubeIDE_1.18.1/STM32CubeIDE/plugins/com.st.stm32cube.ide.mcu.externaltools.gnu-tools-for-stm32.13.3.rel1.win32_1.0.0.202411081344/tools/bin/../lib/gcc/arm-none-eabi/13.3.1/../../../../arm-none-eabi/lib/thumb/v7e-m+fp/hard\libc_nano.a(libc_a-malloc.o)
                              ./Drivers/st7735/st7735.o (malloc)
C:/ST/STM32CubeIDE_1.18.1/STM32CubeIDE/plugins/com.st.stm32cube.ide.mcu.externaltools.gnu-tools-for-stm32.13.3.rel1.win32_1.0.0.202411081344/tools/bin/../lib/gcc/arm-none-eabi/13.3.1/../../../../arm-none-eabi/lib/thumb/v7e-m+fp/hard\libc_nano.a(libc_a-mallocr.o)
                              C:/ST/STM32CubeIDE_1.18.1/STM32CubeIDE/plugins/com.st.stm32cube.ide.mcu.externaltools.gnu-tools-for-stm32.13.3.rel1.win32_1.0.0.202411081344/tools/bin/../lib/gcc/arm-none-eabi/13.3.1/../../../../arm-none-eabi/lib/thumb/v7e-m+fp/hard\libc_nano.a(libc_a-malloc.o) (_malloc_r)
C:/ST/STM32CubeIDE_1.18.1/STM32CubeIDE/plugins/com.st.stm32cube.ide.mcu.externaltools.gnu-tools-for-stm32.13.3.rel1.win32_1.0.0.202411081344/tools/bin/../lib/gcc/arm-none-eabi/13.3.1/../../../../arm-none-eabi/lib/thumb/v7e-m+fp/hard\libc_nano.a(libc_a-mlock.o)
                              C:/ST/STM32CubeIDE_1.18.1/STM32CubeIDE/plugins/com.st.stm32cube.ide.mcu.externaltools.gnu-tools-for-stm32.13.3.rel1.win32_1.0.0.202411081344/tools/bin/../lib/gcc/arm-none-eabi/13.3.1/../../../../arm-none-eabi/lib/thumb/v7e-m+fp/hard\libc_nano.a(libc_a-mallocr.o) (__malloc_lock)
C:/ST/STM32CubeIDE_1.18.1/STM32CubeIDE/plugins/com.st.stm32cube.ide.mcu.externaltools.gnu-tools-for-stm32.13.3.rel1.win32_1.0.0.202411081344/tools/bin/../lib/gcc/arm-none-eabi/13.3.1/../../../../arm-none-eabi/lib/thumb/v7e-m+fp/hard\libc_nano.a(libc_a-findfp.o)
                              C:/ST/STM32CubeIDE_1.18.1/STM32CubeIDE/plugins/com.st.stm32cube.ide.mcu.externaltools.gnu-tools-for-stm32.13.3.rel1.win32_1.0.0.202411081344/tools/bin/../lib/gcc/arm-none-eabi/13.3.1/../../../../arm-none-eabi/lib/thumb/v7e-m+fp/hard\libc_nano.a(libc_a-exit.o) (__stdio_exit_handler)
C:/ST/STM32CubeIDE_1.18.1/STM32CubeIDE/plugins/com.st.stm32cube.ide.mcu.externaltools.gnu-tools-for-stm32.13.3.rel1.win32_1.0.0.202411081344/tools/bin/../lib/gcc/arm-none-eabi/13.3.1/../../../../arm-none-eabi/lib/thumb/v7e-m+fp/hard\libc_nano.a(libc_a-fwalk.o)
                              C:/ST/STM32CubeIDE_1.18.1/STM32CubeIDE/plugins/com.st.stm32cube.ide.mcu.externaltools.gnu-tools-for-stm32.13.3.rel1.win32_1.0.0.202411081344/tools/bin/../lib/gcc/arm-none-eabi/13.3.1/../../../../arm-none-eabi/lib/thumb/v7e-m+fp/hard\libc_nano.a(libc_a-findfp.o) (_fwalk_sglue)
C:/ST/STM32CubeIDE_1.18.1/STM32CubeIDE/plugins/com.st.stm32cube.ide.mcu.externaltools.gnu-tools-for-stm32.13.3.rel1.win32_1.0.0.202411081344/tools/bin/../lib/gcc/arm-none-eabi/13.3.1/../../../../arm-none-eabi/lib/thumb/v7e-m+fp/hard\libc_nano.a(libc_a-stdio.o)
                              C:/ST/STM32CubeIDE_1.18.1/STM32CubeIDE/plugins/com.st.stm32cube.ide.mcu.externaltools.gnu-tools-for-stm32.13.3.rel1.win32_1.0.0.202411081344/tools/bin/../lib/gcc/arm-none-eabi/13.3.1/../../../../arm-none-eabi/lib/thumb/v7e-m+fp/hard\libc_nano.a(libc_a-findfp.o) (__sread)
C:/ST/STM32CubeIDE_1.18.1/STM32CubeIDE/plugins/com.st.stm32cube.ide.mcu.externaltools.gnu-tools-for-stm32.13.3.rel1.win32_1.0.0.202411081344/tools/bin/../lib/gcc/arm-none-eabi/13.3.1/../../../../arm-none-eabi/lib/thumb/v7e-m+fp/hard\libc_nano.a(libc_a-memset.o)
                              C:/ST/STM32CubeIDE_1.18.1/STM32CubeIDE/plugins/com.st.stm32cube.ide.mcu.externaltools.gnu-tools-for-stm32.13.3.rel1.win32_1.0.0.202411081344/tools/bin/../lib/gcc/arm-none-eabi/13.3.1/../../../../arm-none-eabi/lib/thumb/v7e-m+fp/hard/crt0.o (memset)
C:/ST/STM32CubeIDE_1.18.1/STM32CubeIDE/plugins/com.st.stm32cube.ide.mcu.externaltools.gnu-tools-for-stm32.13.3.rel1.win32_1.0.0.202411081344/tools/bin/../lib/gcc/arm-none-eabi/13.3.1/../../../../arm-none-eabi/lib/thumb/v7e-m+fp/hard\libc_nano.a(libc_a-closer.o)
                              C:/ST/STM32CubeIDE_1.18.1/STM32CubeIDE/plugins/com.st.stm32cube.ide.mcu.externaltools.gnu-tools-for-stm32.13.3.rel1.win32_1.0.0.202411081344/tools/bin/../lib/gcc/arm-none-eabi/13.3.1/../../../../arm-none-eabi/lib/thumb/v7e-m+fp/hard\libc_nano.a(libc_a-stdio.o) (_close_r)
[...]
Memory Configuration

Name             Origin             Length             Attributes
RAM              0x20000000         0x00010000         xrw
FLASH            0x08000000         0x00040000         xr
*default*        0x00000000         0xffffffff

Linker script and memory map

LOAD C:/ST/STM32CubeIDE_1.18.1/STM32CubeIDE/plugins/com.st.stm32cube.ide.mcu.externaltools.gnu-tools-for-stm32.13.3.rel1.win32_1.0.0.202411081344/tools/bin/../lib/gcc/arm-none-eabi/13.3.1/thumb/v7e-m+fp/hard/crti.o
LOAD C:/ST/STM32CubeIDE_1.18.1/STM32CubeIDE/plugins/com.st.stm32cube.ide.mcu.externaltools.gnu-tools-for-stm32.13.3.rel1.win32_1.0.0.202411081344/tools/bin/../lib/gcc/arm-none-eabi/13.3.1/thumb/v7e-m+fp/hard/crtbegin.o
LOAD C:/ST/STM32CubeIDE_1.18.1/STM32CubeIDE/plugins/com.st.stm32cube.ide.mcu.externaltools.gnu-tools-for-stm32.13.3.rel1.win32_1.0.0.202411081344/tools/bin/../lib/gcc/arm-none-eabi/13.3.1/../../../../arm-none-eabi/lib/thumb/v7e-m+fp/hard/crt0.o
LOAD ./Core/Src/main.o
LOAD ./Core/Src/stm32f4xx_hal_msp.o
LOAD ./Core/Src/stm32f4xx_it.o
LOAD ./Core/Src/syscalls.o
LOAD ./Core/Src/sysmem.o
LOAD ./Core/Src/system_stm32f4xx.o
LOAD ./Core/Startup/startup_stm32f401ccux.o
LOAD ./Drivers/GIF_player/gif_player.o
LOAD ./Drivers/STM32F4xx_HAL_Driver/Src/stm32f4xx_hal.o
LOAD ./Drivers/STM32F4xx_HAL_Driver/Src/stm32f4xx_hal_cortex.o
LOAD ./Drivers/STM32F4xx_HAL_Driver/Src/stm32f4xx_hal_dma.o
LOAD ./Drivers/STM32F4xx_HAL_Driver/Src/stm32f4xx_hal_dma_ex.o
LOAD ./Drivers/STM32F4xx_HAL_Driver/Src/stm32f4xx_hal_exti.o
LOAD ./Drivers/STM32F4xx_HAL_Driver/Src/stm32f4xx_hal_flash.o
LOAD ./Drivers/STM32F4xx_HAL_Driver/Src/stm32f4xx_hal_flash_ex.o
LOAD ./Drivers/STM32F4xx_HAL_Driver/Src/stm32f4xx_hal_flash_ramfunc.o
LOAD ./Drivers/STM32F4xx_HAL_Driver/Src/stm32f4xx_hal_gpio.o
LOAD ./Drivers/STM32F4xx_HAL_Driver/Src/stm32f4xx_hal_pwr.o
LOAD ./Drivers/STM32F4xx_HAL_Driver/Src/stm32f4xx_hal_pwr_ex.o
LOAD ./Drivers/STM32F4xx_HAL_Driver/Src/stm32f4xx_hal_rcc.o
LOAD ./Drivers/STM32F4xx_HAL_Driver/Src/stm32f4xx_hal_rcc_ex.o
LOAD ./Drivers/STM32F4xx_HAL_Driver/Src/stm32f4xx_hal_spi.o
LOAD ./Drivers/st7735/fonts.o
LOAD ./Drivers/st7735/st7735.o
START GROUP
LOAD C:/ST/STM32CubeIDE_1.18.1/STM32CubeIDE/plugins/com.st.stm32cube.ide.mcu.externaltools.gnu-tools-for-stm32.13.3.rel1.win32_1.0.0.202411081344/tools/bin/../lib/gcc/arm-none-eabi/13.3.1/../../../../arm-none-eabi/lib/thumb/v7e-m+fp/hard\libc_nano.a
LOAD C:/ST/STM32CubeIDE_1.18.1/STM32CubeIDE/plugins/com.st.stm32cube.ide.mcu.externaltools.gnu-tools-for-stm32.13.3.rel1.win32_1.0.0.202411081344/tools/bin/../lib/gcc/arm-none-eabi/13.3.1/../../../../arm-none-eabi/lib/thumb/v7e-m+fp/hard\libm.a
END GROUP
START GROUP
LOAD C:/ST/STM32CubeIDE_1.18.1/STM32CubeIDE/plugins/com.st.stm32cube.ide.mcu.externaltools.gnu-tools-for-stm32.13.3.rel1.win32_1.0.0.202411081344/tools/bin/../lib/gcc/arm-none-eabi/13.3.1/thumb/v7e-m+fp/hard\libgcc.a
LOAD C:/ST/STM32CubeIDE_1.18.1/STM32CubeIDE/plugins/com.st.stm32cube.ide.mcu.externaltools.gnu-tools-for-stm32.13.3.rel1.win32_1.0.0.202411081344/tools/bin/../lib/gcc/arm-none-eabi/13.3.1/../../../../arm-none-eabi/lib/thumb/v7e-m+fp/hard\libc_nano.a
END GROUP
START GROUP
LOAD C:/ST/STM32CubeIDE_1.18.1/STM32CubeIDE/plugins/com.st.stm32cube.ide.mcu.externaltools.gnu-tools-for-stm32.13.3.rel1.win32_1.0.0.202411081344/tools/bin/../lib/gcc/arm-none-eabi/13.3.1/thumb/v7e-m+fp/hard\libgcc.a
LOAD C:/ST/STM32CubeIDE_1.18.1/STM32CubeIDE/plugins/com.st.stm32cube.ide.mcu.externaltools.gnu-tools-for-stm32.13.3.rel1.win32_1.0.0.202411081344/tools/bin/../lib/gcc/arm-none-eabi/13.3.1/../../../../arm-none-eabi/lib/thumb/v7e-m+fp/hard\libc_nano.a
LOAD C:/ST/STM32CubeIDE_1.18.1/STM32CubeIDE/plugins/com.st.stm32cube.ide.mcu.externaltools.gnu-tools-for-stm32.13.3.rel1.win32_1.0.0.202411081344/tools/bin/../lib/gcc/arm-none-eabi/13.3.1/../../../../arm-none-eabi/lib/thumb/v7e-m+fp/hard\libnosys.a
END GROUP
START GROUP
LOAD C:/ST/STM32CubeIDE_1.18.1/STM32CubeIDE/plugins/com.st.stm32cube.ide.mcu.externaltools.gnu-tools-for-stm32.13.3.rel1.win32_1.0.0.202411081344/tools/bin/../lib/gcc/arm-none-eabi/13.3.1/thumb/v7e-m+fp/hard\libgcc.a
LOAD C:/ST/STM32CubeIDE_1.18.1/STM32CubeIDE/plugins/com.st.stm32cube.ide.mcu.externaltools.gnu-tools-for-stm32.13.3.rel1.win32_1.0.0.202411081344/tools/bin/../lib/gcc/arm-none-eabi/13.3.1/../../../../arm-none-eabi/lib/thumb/v7e-m+fp/hard\libc_nano.a
LOAD C:/ST/STM32CubeIDE_1.18.1/STM32CubeIDE/plugins/com.st.stm32cube.ide.mcu.externaltools.gnu-tools-for-stm32.13.3.rel1.win32_1.0.0.202411081344/tools/bin/../lib/gcc/arm-none-eabi/13.3.1/../../../../arm-none-eabi/lib/thumb/v7e-m+fp/hard\libnosys.a
END GROUP
LOAD C:/ST/STM32CubeIDE_1.18.1/STM32CubeIDE/plugins/com.st.stm32cube.ide.mcu.externaltools.gnu-tools-for-stm32.13.3.rel1.win32_1.0.0.202411081344/tools/bin/../lib/gcc/arm-none-eabi/13.3.1/thumb/v7e-m+fp/hard/crtend.o
LOAD C:/ST/STM32CubeIDE_1.18.1/STM32CubeIDE/plugins/com.st.stm32cube.ide.mcu.externaltools.gnu-tools-for-stm32.13.3.rel1.win32_1.0.0.202411081344/tools/bin/../lib/gcc/arm-none-eabi/13.3.1/thumb/v7e-m+fp/hard/crtn.o
                0x20010000                        _estack = (ORIGIN (RAM) + LENGTH (RAM))
                0x00000200                        _Min_Heap_Size = 0x200
                0x00000400                        _Min_Stack_Size = 0x400

.isr_vector     0x08000000      0x194
                0x08000000                        . = ALIGN (0x4)
 *(.isr_vector)
 .isr_vector    0x08000000      0x194 ./Core/Startup/startup_stm32f401ccux.o
                0x08000000                g_pfnVectors
                0x08000194                        . = ALIGN (0x4)

.text           0x08000194     0x1bf8
                0x08000194                        . = ALIGN (0x4)
 *(.text)
 .text          0x08000194       0x40 C:/ST/STM32CubeIDE_1.18.1/STM32CubeIDE/plugins/com.st.stm32cube.ide.mcu.externaltools.gnu-tools-for-stm32.13.3.rel1.win32_1.0.0.202411081344/tools/bin/../lib/gcc/arm-none-eabi/13.3.1/thumb/v7e-m+fp/hard/crtbegin.o
 .text          0x080001d4       0x30 C:/ST/STM32CubeIDE_1.18.1/STM32CubeIDE/plugins/com.st.stm32cube.ide.mcu.externaltools.gnu-tools-for-stm32.13.3.rel1.win32_1.0.0.202411081344/tools/bin/../lib/gcc/arm-none-eabi/13.3.1/thumb/v7e-m+fp/hard\libgcc.a(_aeabi_uldivmod.o)
                0x080001d4                __aeabi_uldivmod
 .text          0x08000204      0x2f8 C:/ST/STM32CubeIDE_1.18.1/STM32CubeIDE/plugins/com.st.stm32cube.ide.mcu.externaltools.gnu-tools-for-stm32.13.3.rel1.win32_1.0.0.202411081344/tools/bin/../lib/gcc/arm-none-eabi/13.3.1/thumb/v7e-m+fp/hard\libgcc.a(_udivmoddi4.o)
                0x08000204                __udivmoddi4
 .text          0x080004fc        0x4 C:/ST/STM32CubeIDE_1.18.1/STM32CubeIDE/plugins/com.st.stm32cube.ide.mcu.externaltools.gnu-tools-for-stm32.13.3.rel1.win32_1.0.0.202411081344/tools/bin/../lib/gcc/arm-none-eabi/13.3.1/thumb/v7e-m+fp/hard\libgcc.a(_dvmd_tls.o)
                0x080004fc                __aeabi_idiv0
                0x080004fc                __aeabi_ldiv0
 *(.text*)
 .text.SystemClock_Config
                0x08000500       0xa8 ./Core/Src/main.o
                0x08000500                SystemClock_Config
 .text.startup.main
                0x080005a8      0x14c ./Core/Src/main.o
                0x080005a8                main
 .text.Error_Handler
                0x080006f4        0x4 ./Core/Src/main.o
                0x080006f4                Error_Handler
 .text.HAL_MspInit
                0x080006f8       0x38 ./Core/Src/stm32f4xx_hal_msp.o
                0x080006f8                HAL_MspInit
 .text.HAL_SPI_MspInit
                0x08000730       0xc4 ./Core/Src/stm32f4xx_hal_msp.o
                0x08000730                HAL_SPI_MspInit
 .text.NMI_Handler
                0x080007f4        0x8 ./Core/Src/stm32f4xx_it.o
                0x080007f4                NMI_Handler
 .text.HardFault_Handler
                0x080007fc        0x4 ./Core/Src/stm32f4xx_it.o
                0x080007fc                HardFault_Handler
 .text.MemManage_Handler
                0x08000800        0x4 ./Core/Src/stm32f4xx_it.o
                0x08000800                MemManage_Handler
 .text.BusFault_Handler
                0x08000804        0x4 ./Core/Src/stm32f4xx_it.o
                0x08000804                BusFault_Handler
 .text.UsageFault_Handler
                0x08000808        0x4 ./Core/Src/stm32f4xx_it.o
                0x08000808                UsageFault_Handler
 .text.SVC_Handler
                0x0800080c        0x4 ./Core/Src/stm32f4xx_it.o
                0x0800080c                SVC_Handler
 .text.DebugMon_Handler
                0x08000810        0x4 ./Core/Src/stm32f4xx_it.o
                0x08000810                DebugMon_Handler
 .text.PendSV_Handler
                0x08000814        0x4 ./Core/Src/stm32f4xx_it.o
                0x08000814                PendSV_Handler
 .text.SysTick_Handler
                0x08000818        0x4 ./Core/Src/stm32f4xx_it.o
                0x08000818                SysTick_Handler
 .text.SPI1_IRQHandler
                0x0800081c        0xc ./Core/Src/stm32f4xx_it.o
                0x0800081c                SPI1_IRQHandler
 .text.DMA2_Stream3_IRQHandler
                0x08000828        0xc ./Core/Src/stm32f4xx_it.o
                0x08000828                DMA2_Stream3_IRQHandler
 .text.SystemInit
                0x08000834       0x14 ./Core/Src/system_stm32f4xx.o
                0x08000834                SystemInit
 .text.Reset_Handler
                0x08000848       0x50 ./Core/Startup/startup_stm32f401ccux.o
                0x08000848                Reset_Handler
 .text.Default_Handler
                0x08000898        0x2 ./Core/Startup/startup_stm32f401ccux.o
                0x08000898                RTC_Alarm_IRQHandler
                0x08000898                EXTI2_IRQHandler
                0x08000898                SPI4_IRQHandler
                0x08000898                TIM1_CC_IRQHandler
                0x08000898                DMA2_Stream5_IRQHandler
                0x08000898                DMA1_Stream5_IRQHandler
                0x08000898                PVD_IRQHandler
                0x08000898                SDIO_IRQHandler
                0x08000898                TAMP_STAMP_IRQHandler
                0x08000898                EXTI3_IRQHandler
                0x08000898                TIM1_UP_TIM10_IRQHandler
                0x08000898                I2C3_ER_IRQHandler
                0x08000898                EXTI0_IRQHandler
                0x08000898                I2C2_EV_IRQHandler
                0x08000898                DMA1_Stream2_IRQHandler
                0x08000898                FPU_IRQHandler
                0x08000898                DMA2_Stream2_IRQHandler
                0x08000898                TIM1_BRK_TIM9_IRQHandler
                0x08000898                USART6_IRQHandler
                0x08000898                DMA2_Stream0_IRQHandler
                0x08000898                TIM4_IRQHandler
                0x08000898                I2C1_EV_IRQHandler
                0x08000898                DMA1_Stream6_IRQHandler
                0x08000898                DMA1_Stream1_IRQHandler
                0x08000898                TIM3_IRQHandler
                0x08000898                RCC_IRQHandler
                0x08000898                Default_Handler
                0x08000898                EXTI15_10_IRQHandler
                0x08000898                ADC_IRQHandler
                0x08000898                DMA1_Stream7_IRQHandler
                0x08000898                TIM5_IRQHandler
                0x08000898                DMA2_Stream7_IRQHandler
                0x08000898                I2C3_EV_IRQHandler
                0x08000898                EXTI9_5_IRQHandler
                0x08000898                RTC_WKUP_IRQHandler
                0x08000898                SPI2_IRQHandler
                0x08000898                DMA1_Stream0_IRQHandler
                0x08000898                EXTI4_IRQHandler
                0x08000898                WWDG_IRQHandler
                0x08000898                TIM2_IRQHandler
                0x08000898                OTG_FS_WKUP_IRQHandler
                0x08000898                TIM1_TRG_COM_TIM11_IRQHandler
                0x08000898                EXTI1_IRQHandler
                0x08000898                USART2_IRQHandler
                0x08000898                I2C2_ER_IRQHandler
                0x08000898                DMA2_Stream1_IRQHandler
                0x08000898                FLASH_IRQHandler
                0x08000898                DMA2_Stream4_IRQHandler
                0x08000898                USART1_IRQHandler
                0x08000898                OTG_FS_IRQHandler
                0x08000898                SPI3_IRQHandler
                0x08000898                DMA1_Stream4_IRQHandler
                0x08000898                I2C1_ER_IRQHandler
                0x08000898                DMA2_Stream6_IRQHandler
                0x08000898                DMA1_Stream3_IRQHandler
 *fill*         0x0800089a        0x2 
 .text.GIF_Player_Init
                0x0800089c       0x28 ./Drivers/GIF_player/gif_player.o
                0x0800089c                GIF_Player_Init
 .text.GIF_Player_Start
                0x080008c4        0x8 ./Drivers/GIF_player/gif_player.o
                0x080008c4                GIF_Player_Start
 .text.GIF_Player_Update
                0x080008cc       0x58 ./Drivers/GIF_player/gif_player.o
                0x080008cc                GIF_Player_Update
 .text.HAL_InitTick
                0x08000924       0x48 ./Drivers/STM32F4xx_HAL_Driver/Src/stm32f4xx_hal.o
                0x08000924                HAL_InitTick
 .text.HAL_Init
                0x0800096c       0x34 ./Drivers/STM32F4xx_HAL_Driver/Src/stm32f4xx_hal.o
                0x0800096c                HAL_Init
 .text.HAL_IncTick
                0x080009a0       0x18 ./Drivers/STM32F4xx_HAL_Driver/Src/stm32f4xx_hal.o
                0x080009a0                HAL_IncTick
 .text.HAL_GetTick
                0x080009b8        0xc ./Drivers/STM32F4xx_HAL_Driver/Src/stm32f4xx_hal.o
                0x080009b8                HAL_GetTick
 .text.HAL_Delay
                0x080009c4       0x24 ./Drivers/STM32F4xx_HAL_Driver/Src/stm32f4xx_hal.o
                0x080009c4                HAL_Delay
 .text.HAL_NVIC_SetPriorityGrouping
                0x080009e8       0x24 ./Drivers/STM32F4xx_HAL_Driver/Src/stm32f4xx_hal_cortex.o
                0x080009e8                HAL_NVIC_SetPriorityGrouping
 .text.HAL_NVIC_SetPriority
                0x08000a0c       0x78 ./Drivers/STM32F4xx_HAL_Driver/Src/stm32f4xx_hal_cortex.o
                0x08000a0c                HAL_NVIC_SetPriority
 .text.HAL_NVIC_EnableIRQ
                0x08000a84       0x1c ./Drivers/STM32F4xx_HAL_Driver/Src/stm32f4xx_hal_cortex.o
                0x08000a84                HAL_NVIC_EnableIRQ
 .text.HAL_SYSTICK_Config
                0x08000aa0       0x34 ./Drivers/STM32F4xx_HAL_Driver/Src/stm32f4xx_hal_cortex.o
                0x08000aa0                HAL_SYSTICK_Config
 .text.HAL_DMA_Init
                0x08000ad4      0x128 ./Drivers/STM32F4xx_HAL_Driver/Src/stm32f4xx_hal_dma.o
                0x08000ad4                HAL_DMA_Init
 .text.HAL_DMA_Abort_IT
                0x08000bfc       0x24 ./Drivers/STM32F4xx_HAL_Driver/Src/stm32f4xx_hal_dma.o
                0x08000bfc                HAL_DMA_Abort_IT
 .text.HAL_DMA_IRQHandler
                0x08000c20      0x1ac ./Drivers/STM32F4xx_HAL_Driver/Src/stm32f4xx_hal_dma.o
                0x08000c20                HAL_DMA_IRQHandler
 .text.HAL_GPIO_Init
                0x08000dcc      0x1e0 ./Drivers/STM32F4xx_HAL_Driver/Src/stm32f4xx_hal_gpio.o
                0x08000dcc                HAL_GPIO_Init
 .text.HAL_GPIO_WritePin
                0x08000fac        0x8 ./Drivers/STM32F4xx_HAL_Driver/Src/stm32f4xx_hal_gpio.o
                0x08000fac                HAL_GPIO_WritePin
 .text.HAL_RCC_OscConfig
                0x08000fb4      0x3c4 ./Drivers/STM32F4xx_HAL_Driver/Src/stm32f4xx_hal_rcc.o
                0x08000fb4                HAL_RCC_OscConfig
 .text.HAL_RCC_EnableCSS
                0x08001378        0xc ./Drivers/STM32F4xx_HAL_Driver/Src/stm32f4xx_hal_rcc.o
                0x08001378                HAL_RCC_EnableCSS
 .text.HAL_RCC_GetSysClockFreq
                0x08001384       0x68 ./Drivers/STM32F4xx_HAL_Driver/Src/stm32f4xx_hal_rcc.o
                0x08001384                HAL_RCC_GetSysClockFreq
 .text.HAL_RCC_ClockConfig
                0x080013ec      0x13c ./Drivers/STM32F4xx_HAL_Driver/Src/stm32f4xx_hal_rcc.o
                0x080013ec                HAL_RCC_ClockConfig
 .text.HAL_RCC_CSSCallback
                0x08001528        0x4 ./Drivers/STM32F4xx_HAL_Driver/Src/stm32f4xx_hal_rcc.o
                0x08001528                HAL_RCC_CSSCallback
 .text.HAL_RCC_NMI_IRQHandler
                0x0800152c       0x1c ./Drivers/STM32F4xx_HAL_Driver/Src/stm32f4xx_hal_rcc.o
                0x0800152c                HAL_RCC_NMI_IRQHandler
 .text.SPI_DMAAbortOnError
                0x08001548        0xc ./Drivers/STM32F4xx_HAL_Driver/Src/stm32f4xx_hal_spi.o
 .text.SPI_WaitFlagStateUntilTimeout
                0x08001554       0xd4 ./Drivers/STM32F4xx_HAL_Driver/Src/stm32f4xx_hal_spi.o
 .text.SPI_EndRxTxTransaction
                0x08001628       0x88 ./Drivers/STM32F4xx_HAL_Driver/Src/stm32f4xx_hal_spi.o
 .text.HAL_SPI_AbortCpltCallback
                0x080016b0        0x4 ./Drivers/STM32F4xx_HAL_Driver/Src/stm32f4xx_hal_spi.o
                0x080016b0                HAL_SPI_AbortCpltCallback
 .text.HAL_SPI_TxCpltCallback
                0x080016b4        0x4 ./Drivers/STM32F4xx_HAL_Driver/Src/stm32f4xx_hal_spi.o
                0x080016b4                HAL_SPI_TxCpltCallback
 .text.HAL_SPI_RxCpltCallback
                0x080016b8        0x4 ./Drivers/STM32F4xx_HAL_Driver/Src/stm32f4xx_hal_spi.o
                0x080016b8                HAL_SPI_RxCpltCallback
 .text.HAL_SPI_TxRxCpltCallback
                0x080016bc        0x4 ./Drivers/STM32F4xx_HAL_Driver/Src/stm32f4xx_hal_spi.o
                0x080016bc                HAL_SPI_TxRxCpltCallback
 .text.HAL_SPI_TxHalfCpltCallback
                0x080016c0        0x4 ./Drivers/STM32F4xx_HAL_Driver/Src/stm32f4xx_hal_spi.o
                0x080016c0                HAL_SPI_TxHalfCpltCallback
 .text.HAL_SPI_RxHalfCpltCallback
                0x080016c4        0x4 ./Drivers/STM32F4xx_HAL_Driver/Src/stm32f4xx_hal_spi.o
                0x080016c4                HAL_SPI_RxHalfCpltCallback
 .text.HAL_SPI_TxRxHalfCpltCallback
                0x080016c8        0x4 ./Drivers/STM32F4xx_HAL_Driver/Src/stm32f4xx_hal_spi.o
                0x080016c8                HAL_SPI_TxRxHalfCpltCallback
 .text.HAL_SPI_ErrorCallback
                0x080016cc        0x4 ./Drivers/STM32F4xx_HAL_Driver/Src/stm32f4xx_hal_spi.o
                0x080016cc                HAL_SPI_ErrorCallback
 .text.HAL_SPI_Init
                0x080016d0      0x110 ./Drivers/STM32F4xx_HAL_Driver/Src/stm32f4xx_hal_spi.o
                0x080016d0                HAL_SPI_Init
 .text.HAL_SPI_Transmit
                0x080017e0      0x19c ./Drivers/STM32F4xx_HAL_Driver/Src/stm32f4xx_hal_spi.o
                0x080017e0                HAL_SPI_Transmit
 .text.HAL_SPI_IRQHandler
                0x0800197c      0x14c ./Drivers/STM32F4xx_HAL_Driver/Src/stm32f4xx_hal_spi.o
                0x0800197c                HAL_SPI_IRQHandler
 .text.ST7735_ExecuteCommandList
                0x08001ac8       0x94 ./Drivers/st7735/st7735.o
 .text.ST7735_SetAddressWindow
                0x08001b5c       0xe4 ./Drivers/st7735/st7735.o
 .text.ST7735_Init
                0x08001c40       0x6c ./Drivers/st7735/st7735.o
                0x08001c40                ST7735_Init
 .text.ST7735_DrawImage
                0x08001cac       0x80 ./Drivers/st7735/st7735.o
                0x08001cac                ST7735_DrawImage
 .text.__libc_init_array
                0x08001d2c       0x48 C:/ST/STM32CubeIDE_1.18.1/STM32CubeIDE/plugins/com.st.stm32cube.ide.mcu.externaltools.gnu-tools-for-stm32.13.3.rel1.win32_1.0.0.202411081344/tools/bin/../lib/gcc/arm-none-eabi/13.3.1/../../../../arm-none-eabi/lib/thumb/v7e-m+fp/hard\libc_nano.a(libc_a-init.o)
                0x08001d2c                __libc_init_array
 *(.glue_7)
 .glue_7        0x08001d74        0x0 linker stubs
 *(.glue_7t)
 .glue_7t       0x08001d74        0x0 linker stubs
 *(.eh_frame)
 .eh_frame      0x08001d74        0x0 C:/ST/STM32CubeIDE_1.18.1/STM32CubeIDE/plugins/com.st.stm32cube.ide.mcu.externaltools.gnu-tools-for-stm32.13.3.rel1.win32_1.0.0.202411081344/tools/bin/../lib/gcc/arm-none-eabi/13.3.1/thumb/v7e-m+fp/hard/crtbegin.o
 *(.init)
 .init          0x08001d74        0x4 C:/ST/STM32CubeIDE_1.18.1/STM32CubeIDE/plugins/com.st.stm32cube.ide.mcu.externaltools.gnu-tools-for-stm32.13.3.rel1.win32_1.0.0.202411081344/tools/bin/../lib/gcc/arm-none-eabi/13.3.1/thumb/v7e-m+fp/hard/crti.o
                0x08001d74                _init
 .init          0x08001d78        0x8 C:/ST/STM32CubeIDE_1.18.1/STM32CubeIDE/plugins/com.st.stm32cube.ide.mcu.externaltools.gnu-tools-for-stm32.13.3.rel1.win32_1.0.0.202411081344/tools/bin/../lib/gcc/arm-none-eabi/13.3.1/thumb/v7e-m+fp/hard/crtn.o
 *(.fini)
 .fini          0x08001d80        0x4 C:/ST/STM32CubeIDE_1.18.1/STM32CubeIDE/plugins/com.st.stm32cube.ide.mcu.externaltools.gnu-tools-for-stm32.13.3.rel1.win32_1.0.0.202411081344/tools/bin/../lib/gcc/arm-none-eabi/13.3.1/thumb/v7e-m+fp/hard/crti.o
                0x08001d80                _fini
 .fini          0x08001d84        0x8 C:/ST/STM32CubeIDE_1.18.1/STM32CubeIDE/plugins/com.st.stm32cube.ide.mcu.externaltools.gnu-tools-for-stm32.13.3.rel1.win32_1.0.0.202411081344/tools/bin/../lib/gcc/arm-none-eabi/13.3.1/thumb/v7e-m+fp/hard/crtn.o
                0x08001d8c                        . = ALIGN (0x4)
                0x08001d8c                        _etext = .

.vfp11_veneer   0x08001d8c        0x0
 .vfp11_veneer  0x08001d8c        0x0 linker stubs

.v4_bx          0x08001d8c        0x0
 .v4_bx         0x08001d8c        0x0 linker stubs

.iplt           0x08001d8c        0x0
 .iplt          0x08001d8c        0x0 C:/ST/STM32CubeIDE_1.18.1/STM32CubeIDE/plugins/com.st.stm32cube.ide.mcu.externaltools.gnu-tools-for-stm32.13.3.rel1.win32_1.0.0.202411081344/tools/bin/../lib/gcc/arm-none-eabi/13.3.1/thumb/v7e-m+fp/hard/crtbegin.o

.rodata         0x08001d8c    0x280a8
                0x08001d8c                        . = ALIGN (0x4)
 *(.rodata)
 *(.rodata*)
 .rodata.gif_delays
                0x08001d8c        0x8 ./Core/Src/main.o
                0x08001d8c                gif_delays
 .rodata.gif_frames
                0x08001d94       0x10 ./Core/Src/main.o
                0x08001d94                gif_frames
 .rodata.frame_3
                0x08001da4     0xa000 ./Core/Src/main.o
                0x08001da4                frame_3
 .rodata.frame_2
                0x0800bda4     0xa000 ./Core/Src/main.o
                0x0800bda4                frame_2
 .rodata.frame_1
                0x08015da4     0xa000 ./Core/Src/main.o
                0x08015da4                frame_1
 .rodata.frame_0
                0x0801fda4     0xa000 ./Core/Src/main.o
                0x0801fda4                frame_0
 .rodata.AHBPrescTable
                0x08029da4       0x10 ./Core/Src/system_stm32f4xx.o
                0x08029da4                AHBPrescTable
 .rodata.flagBitshiftOffset.0
                0x08029db4        0x8 ./Drivers/STM32F4xx_HAL_Driver/Src/stm32f4xx_hal_dma.o
 .rodata.init_cmds3
                0x08029dbc       0x2b ./Drivers/st7735/st7735.o
 *fill*         0x08029de7        0x1 
 .rodata.init_cmds2
                0x08029de8        0xd ./Drivers/st7735/st7735.o
 *fill*         0x08029df5        0x3 
 .rodata.init_cmds1
                0x08029df8       0x3b ./Drivers/st7735/st7735.o
                0x08029e34                        . = ALIGN (0x4)
 *fill*         0x08029e33        0x1 

.ARM.extab      0x08029e34        0x0
                0x08029e34                        . = ALIGN (0x4)
 *(.ARM.extab* .gnu.linkonce.armextab.*)
                0x08029e34                        . = ALIGN (0x4)

.ARM            0x08029e34        0x8
                0x08029e34                        . = ALIGN (0x4)
                0x08029e34                        __exidx_start = .
 *(.ARM.exidx*)
 .ARM.exidx     0x08029e34        0x8 C:/ST/STM32CubeIDE_1.18.1/STM32CubeIDE/plugins/com.st.stm32cube.ide.mcu.externaltools.gnu-tools-for-stm32.13.3.rel1.win32_1.0.0.202411081344/tools/bin/../lib/gcc/arm-none-eabi/13.3.1/thumb/v7e-m+fp/hard\libgcc.a(_udivmoddi4.o)
                0x08029e3c                        __exidx_end = .
                0x08029e3c                        . = ALIGN (0x4)

.preinit_array  0x08029e3c        0x0
                0x08029e3c                        . = ALIGN (0x4)
                0x08029e3c                        PROVIDE (__preinit_array_start = .)
 *(.preinit_array*)
                0x08029e3c                        PROVIDE (__preinit_array_end = .)
                0x08029e3c                        . = ALIGN (0x4)

.init_array     0x08029e3c        0x4
                0x08029e3c                        . = ALIGN (0x4)
                0x08029e3c                        PROVIDE (__init_array_start = .)
 *(SORT_BY_NAME(.init_array.*))
 *(.init_array*)
 .init_array    0x08029e3c        0x4 C:/ST/STM32CubeIDE_1.18.1/STM32CubeIDE/plugins/com.st.stm32cube.ide.mcu.externaltools.gnu-tools-for-stm32.13.3.rel1.win32_1.0.0.202411081344/tools/bin/../lib/gcc/arm-none-eabi/13.3.1/thumb/v7e-m+fp/hard/crtbegin.o
                0x08029e40                        PROVIDE (__init_array_end = .)
                0x08029e40                        . = ALIGN (0x4)

.fini_array     0x08029e40        0x4
                0x08029e40                        . = ALIGN (0x4)
                [!provide]                        PROVIDE (__fini_array_start = .)
 *(SORT_BY_NAME(.fini_array.*))
 *(.fini_array*)
 .fini_array    0x08029e40        0x4 C:/ST/STM32CubeIDE_1.18.1/STM32CubeIDE/plugins/com.st.stm32cube.ide.mcu.externaltools.gnu-tools-for-stm32.13.3.rel1.win32_1.0.0.202411081344/tools/bin/../lib/gcc/arm-none-eabi/13.3.1/thumb/v7e-m+fp/hard/crtbegin.o
                [!provide]                        PROVIDE (__fini_array_end = .)
                0x08029e44                        . = ALIGN (0x4)
                0x08029e44                        _sidata = LOADADDR (.data)

.rel.dyn        0x08029e44        0x0
 .rel.iplt      0x08029e44        0x0 C:/ST/STM32CubeIDE_1.18.1/STM32CubeIDE/plugins/com.st.stm32cube.ide.mcu.externaltools.gnu-tools-for-stm32.13.3.rel1.win32_1.0.0.202411081344/tools/bin/../lib/gcc/arm-none-eabi/13.3.1/thumb/v7e-m+fp/hard/crtbegin.o

.data           0x20000000        0xc load address 0x08029e44
                0x20000000                        . = ALIGN (0x4)
                0x20000000                        _sdata = .
 *(.data)
 *(.data*)
 .data.SystemCoreClock
                0x20000000        0x4 ./Core/Src/system_stm32f4xx.o
                0x20000000                SystemCoreClock
 .data.uwTickFreq
                0x20000004        0x1 ./Drivers/STM32F4xx_HAL_Driver/Src/stm32f4xx_hal.o
                0x20000004                uwTickFreq
 *fill*         0x20000005        0x3 
 .data.uwTickPrio
                0x20000008        0x4 ./Drivers/STM32F4xx_HAL_Driver/Src/stm32f4xx_hal.o
                0x20000008                uwTickPrio
 *(.RamFunc)
 *(.RamFunc*)
                0x2000000c                        . = ALIGN (0x4)
                0x2000000c                        _edata = .

.igot.plt       0x2000000c        0x0 load address 0x08029e50
 .igot.plt      0x2000000c        0x0 C:/ST/STM32CubeIDE_1.18.1/STM32CubeIDE/plugins/com.st.stm32cube.ide.mcu.externaltools.gnu-tools-for-stm32.13.3.rel1.win32_1.0.0.202411081344/tools/bin/../lib/gcc/arm-none-eabi/13.3.1/thumb/v7e-m+fp/hard/crtbegin.o
                0x2000000c                        . = ALIGN (0x4)

.bss            0x20000010      0x11c load address 0x08029e50
                0x20000010                        _sbss = .
                0x20000010                        __bss_start__ = _sbss
 *(.bss)
 .bss           0x20000010       0x1c C:/ST/STM32CubeIDE_1.18.1/STM32CubeIDE/plugins/com.st.stm32cube.ide.mcu.externaltools.gnu-tools-for-stm32.13.3.rel1.win32_1.0.0.202411081344/tools/bin/../lib/gcc/arm-none-eabi/13.3.1/thumb/v7e-m+fp/hard/crtbegin.o
 *(.bss*)
 .bss.gif_player
                0x2000002c       0x1c ./Core/Src/main.o
                0x2000002c                gif_player
 .bss.hdma_spi1_tx
                0x20000048       0x60 ./Core/Src/main.o
                0x20000048                hdma_spi1_tx
 .bss.hspi1     0x200000a8       0x80 ./Core/Src/main.o
                0x200000a8                hspi1
 .bss.uwTick    0x20000128        0x4 ./Drivers/STM32F4xx_HAL_Driver/Src/stm32f4xx_hal.o
                0x20000128                uwTick
 *(COMMON)
                0x2000012c                        . = ALIGN (0x4)
                0x2000012c                        _ebss = .
                0x2000012c                        __bss_end__ = _ebss

._user_heap_stack
                0x2000012c      0x604 load address 0x08029e50
                0x20000130                        . = ALIGN (0x8)
 *fill*         0x2000012c        0x4 
                [!provide]                        PROVIDE (end = .)
                0x20000130                        PROVIDE (_end = .)
                0x20000330                        . = (. + _Min_Heap_Size)
 *fill*         0x20000130      0x200 
                0x20000730                        . = (. + _Min_Stack_Size)
 *fill*         0x20000330      0x400 
                0x20000730                        . = ALIGN (0x8)

/DISCARD/
 libc.a(*)
 libm.a(*)
 libgcc.a(*)

.ARM.attributes
                0x00000000       0x30
 *(.ARM.attributes)
 .ARM.attributes
                0x00000000       0x22 C:/ST/STM32CubeIDE_1.18.1/STM32CubeIDE/plugins/com.st.stm32cube.ide.mcu.externaltools.gnu-tools-for-stm32.13.3.rel1.win32_1.0.0.202411081344/tools/bin/../lib/gcc/arm-none-eabi/13.3.1/thumb/v7e-m+fp/hard/crti.o
 .ARM.attributes
                0x00000022       0x34 C:/ST/STM32CubeIDE_1.18.1/STM32CubeIDE/plugins/com.st.stm32cube.ide.mcu.externaltools.gnu-tools-for-stm32.13.3.rel1.win32_1.0.0.202411081344/tools/bin/../lib/gcc/arm-none-eabi/13.3.1/thumb/v7e-m+fp/hard/crtbegin.o
 .ARM.attributes
                0x00000056       0x34 ./Core/Src/main.o
 .ARM.attributes
                0x0000008a       0x34 ./Core/Src/stm32f4xx_hal_msp.o
 .ARM.attributes
                0x000000be       0x34 ./Core/Src/stm32f4xx_it.o
 .ARM.attributes
                0x000000f2       0x34 ./Core/Src/system_stm32f4xx.o
 .ARM.attributes
                0x00000126       0x21 ./Core/Startup/startup_stm32f401ccux.o
 .ARM.attributes
                0x00000147       0x34 ./Drivers/GIF_player/gif_player.o
 .ARM.attributes
                0x0000017b       0x34 ./Drivers/STM32F4xx_HAL_Driver/Src/stm32f4xx_hal.o
 .ARM.attributes
                0x000001af       0x34 ./Drivers/STM32F4xx_HAL_Driver/Src/stm32f4xx_hal_cortex.o
 .ARM.attributes
                0x000001e3       0x34 ./Drivers/STM32F4xx_HAL_Driver/Src/stm32f4xx_hal_dma.o
 .ARM.attributes
                0x00000217       0x34 ./Drivers/STM32F4xx_HAL_Driver/Src/stm32f4xx_hal_gpio.o
 .ARM.attributes
                0x0000024b       0x34 ./Drivers/STM32F4xx_HAL_Driver/Src/stm32f4xx_hal_rcc.o
 .ARM.attributes
                0x0000027f       0x34 ./Drivers/STM32F4xx_HAL_Driver/Src/stm32f4xx_hal_spi.o
 .ARM.attributes
                0x000002b3       0x34 ./Drivers/st7735/st7735.o
 .ARM.attributes
                0x000002e7       0x34 C:/ST/STM32CubeIDE_1.18.1/STM32CubeIDE/plugins/com.st.stm32cube.ide.mcu.externaltools.gnu-tools-for-stm32.13.3.rel1.win32_1.0.0.202411081344/tools/bin/../lib/gcc/arm-none-eabi/13.3.1/../../../../arm-none-eabi/lib/thumb/v7e-m+fp/hard\libc_nano.a(libc_a-init.o)
 .ARM.attributes
                0x0000031b       0x22 C:/ST/STM32CubeIDE_1.18.1/STM32CubeIDE/plugins/com.st.stm32cube.ide.mcu.externaltools.gnu-tools-for-stm32.13.3.rel1.win32_1.0.0.202411081344/tools/bin/../lib/gcc/arm-none-eabi/13.3.1/thumb/v7e-m+fp/hard\libgcc.a(_aeabi_uldivmod.o)
 .ARM.attributes
                0x0000033d       0x34 C:/ST/STM32CubeIDE_1.18.1/STM32CubeIDE/plugins/com.st.stm32cube.ide.mcu.externaltools.gnu-tools-for-stm32.13.3.rel1.win32_1.0.0.202411081344/tools/bin/../lib/gcc/arm-none-eabi/13.3.1/thumb/v7e-m+fp/hard\libgcc.a(_udivmoddi4.o)
 .ARM.attributes
                0x00000371       0x22 C:/ST/STM32CubeIDE_1.18.1/STM32CubeIDE/plugins/com.st.stm32cube.ide.mcu.externaltools.gnu-tools-for-stm32.13.3.rel1.win32_1.0.0.202411081344/tools/bin/../lib/gcc/arm-none-eabi/13.3.1/thumb/v7e-m+fp/hard\libgcc.a(_dvmd_tls.o)
 .ARM.attributes
                0x00000393       0x22 C:/ST/STM32CubeIDE_1.18.1/STM32CubeIDE/plugins/com.st.stm32cube.ide.mcu.externaltools.gnu-tools-for-stm32.13.3.rel1.win32_1.0.0.202411081344/tools/bin/../lib/gcc/arm-none-eabi/13.3.1/thumb/v7e-m+fp/hard/crtn.o
OUTPUT(lvglpictures.elf elf32-littlearm)
LOAD linker stubs
LOAD C:/ST/STM32CubeIDE_1.18.1/STM32CubeIDE/plugins/com.st.stm32cube.ide.mcu.externaltools.gnu-tools-for-stm32.13.3.rel1.win32_1.0.0.202411081344/tools/bin/../lib/gcc/arm-none-eabi/13.3.1/../../../../arm-none-eabi/lib/thumb/v7e-m+fp/hard\libc.a
LOAD C:/ST/STM32CubeIDE_1.18.1/STM32CubeIDE/plugins/com.st.stm32cube.ide.mcu.externaltools.gnu-tools-for-stm32.13.3.rel1.win32_1.0.0.202411081344/tools/bin/../lib/gcc/arm-none-eabi/13.3.1/../../../../arm-none-eabi/lib/thumb/v7e-m+fp/hard\libm.a
LOAD C:/ST/STM32CubeIDE_1.18.1/STM32CubeIDE/plugins/com.st.stm32cube.ide.mcu.externaltools.gnu-tools-for-stm32.13.3.rel1.win32_1.0.0.202411081344/tools/bin/../lib/gcc/arm-none-eabi/13.3.1/thumb/v7e-m+fp/hard\libgcc.a

.debug_info     0x00000000     0xa170
 .debug_info    0x00000000     0x1326 ./Core/Src/main.o
 .debug_info    0x00001326      0xcbc ./Core/Src/stm32f4xx_hal_msp.o
 .debug_info    0x00001fe2      0x758 ./Core/Src/stm32f4xx_it.o
 .debug_info    0x0000273a      0x557 ./Core/Src/system_stm32f4xx.o
 .debug_info    0x00002c91       0x30 ./Core/Startup/startup_stm32f401ccux.o
 .debug_info    0x00002cc1      0x338 ./Drivers/GIF_player/gif_player.o
 .debug_info    0x00002ff9      0x993 ./Drivers/STM32F4xx_HAL_Driver/Src/stm32f4xx_hal.o
 .debug_info    0x0000398c      0xf8d ./Drivers/STM32F4xx_HAL_Driver/Src/stm32f4xx_hal_cortex.o
 .debug_info    0x00004919      0xb2d ./Drivers/STM32F4xx_HAL_Driver/Src/stm32f4xx_hal_dma.o
 .debug_info    0x00005446      0x742 ./Drivers/STM32F4xx_HAL_Driver/Src/stm32f4xx_hal_gpio.o
 .debug_info    0x00005b88      0xb27 ./Drivers/STM32F4xx_HAL_Driver/Src/stm32f4xx_hal_rcc.o
 .debug_info    0x000066af     0x1e75 ./Drivers/STM32F4xx_HAL_Driver/Src/stm32f4xx_hal_spi.o
 .debug_info    0x00008524     0x1c4c ./Drivers/st7735/st7735.o

.debug_abbrev   0x00000000     0x211b
 .debug_abbrev  0x00000000      0x3a5 ./Core/Src/main.o
 .debug_abbrev  0x000003a5      0x234 ./Core/Src/stm32f4xx_hal_msp.o
 .debug_abbrev  0x000005d9      0x1e3 ./Core/Src/stm32f4xx_it.o
 .debug_abbrev  0x000007bc      0x120 ./Core/Src/system_stm32f4xx.o
 .debug_abbrev  0x000008dc       0x24 ./Core/Startup/startup_stm32f401ccux.o
 .debug_abbrev  0x00000900      0x136 ./Drivers/GIF_player/gif_player.o
 .debug_abbrev  0x00000a36      0x2bc ./Drivers/STM32F4xx_HAL_Driver/Src/stm32f4xx_hal.o
 .debug_abbrev  0x00000cf2      0x388 ./Drivers/STM32F4xx_HAL_Driver/Src/stm32f4xx_hal_cortex.o
 .debug_abbrev  0x0000107a      0x2f4 ./Drivers/STM32F4xx_HAL_Driver/Src/stm32f4xx_hal_dma.o
 .debug_abbrev  0x0000136e      0x214 ./Drivers/STM32F4xx_HAL_Driver/Src/stm32f4xx_hal_gpio.o
 .debug_abbrev  0x00001582      0x351 ./Drivers/STM32F4xx_HAL_Driver/Src/stm32f4xx_hal_rcc.o
 .debug_abbrev  0x000018d3      0x3a7 ./Drivers/STM32F4xx_HAL_Driver/Src/stm32f4xx_hal_spi.o
 .debug_abbrev  0x00001c7a      0x4a1 ./Drivers/st7735/st7735.o

.debug_aranges  0x00000000      0x6e8
 .debug_aranges
                0x00000000       0x38 ./Core/Src/main.o
 .debug_aranges
                0x00000038       0x30 ./Core/Src/stm32f4xx_hal_msp.o
 .debug_aranges
                0x00000068       0x70 ./Core/Src/stm32f4xx_it.o
 .debug_aranges
                0x000000d8       0x28 ./Core/Src/system_stm32f4xx.o
 .debug_aranges
                0x00000100       0x28 ./Core/Startup/startup_stm32f401ccux.o
 .debug_aranges
                0x00000128       0x48 ./Drivers/GIF_player/gif_player.o
 .debug_aranges
                0x00000170       0xf0 ./Drivers/STM32F4xx_HAL_Driver/Src/stm32f4xx_hal.o
 .debug_aranges
                0x00000260       0xc0 ./Drivers/STM32F4xx_HAL_Driver/Src/stm32f4xx_hal_cortex.o
 .debug_aranges
                0x00000320       0x78 ./Drivers/STM32F4xx_HAL_Driver/Src/stm32f4xx_hal_dma.o
 .debug_aranges
                0x00000398       0x58 ./Drivers/STM32F4xx_HAL_Driver/Src/stm32f4xx_hal_gpio.o
 .debug_aranges
                0x000003f0       0x88 ./Drivers/STM32F4xx_HAL_Driver/Src/stm32f4xx_hal_rcc.o
 .debug_aranges
                0x00000478      0x1e0 ./Drivers/STM32F4xx_HAL_Driver/Src/stm32f4xx_hal_spi.o
 .debug_aranges
                0x00000658       0x90 ./Drivers/st7735/st7735.o

.debug_rnglists
                0x00000000      0x8e9
 .debug_rnglists
                0x00000000       0x8e ./Core/Src/main.o
 .debug_rnglists
                0x0000008e       0x44 ./Core/Src/stm32f4xx_hal_msp.o
 .debug_rnglists
                0x000000d2       0x4f ./Core/Src/stm32f4xx_it.o
 .debug_rnglists
                0x00000121       0x19 ./Core/Src/system_stm32f4xx.o
 .debug_rnglists
                0x0000013a       0x19 ./Core/Startup/startup_stm32f401ccux.o
 .debug_rnglists
                0x00000153       0x31 ./Drivers/GIF_player/gif_player.o
 .debug_rnglists
                0x00000184       0xaf ./Drivers/STM32F4xx_HAL_Driver/Src/stm32f4xx_hal.o
 .debug_rnglists
                0x00000233      0x100 ./Drivers/STM32F4xx_HAL_Driver/Src/stm32f4xx_hal_cortex.o
 .debug_rnglists
                0x00000333       0x9e ./Drivers/STM32F4xx_HAL_Driver/Src/stm32f4xx_hal_dma.o
 .debug_rnglists
                0x000003d1       0x4b ./Drivers/STM32F4xx_HAL_Driver/Src/stm32f4xx_hal_gpio.o
 .debug_rnglists
                0x0000041c       0xca ./Drivers/STM32F4xx_HAL_Driver/Src/stm32f4xx_hal_rcc.o
 .debug_rnglists
                0x000004e6      0x1f7 ./Drivers/STM32F4xx_HAL_Driver/Src/stm32f4xx_hal_spi.o
 .debug_rnglists
                0x000006dd      0x20c ./Drivers/st7735/st7735.o

.debug_macro    0x00000000    0x150ff
 .debug_macro   0x00000000      0x215 ./Core/Src/main.o
 .debug_macro   0x00000215      0xad8 ./Core/Src/main.o
 .debug_macro   0x00000ced      0x295 ./Core/Src/main.o
 .debug_macro   0x00000f82       0x2e ./Core/Src/main.o
 .debug_macro   0x00000fb0       0x28 ./Core/Src/main.o
 .debug_macro   0x00000fd8       0x22 ./Core/Src/main.o
 .debug_macro   0x00000ffa       0x8e ./Core/Src/main.o
 .debug_macro   0x00001088       0x51 ./Core/Src/main.o
 .debug_macro   0x000010d9      0x103 ./Core/Src/main.o
 .debug_macro   0x000011dc       0x6a ./Core/Src/main.o
 .debug_macro   0x00001246      0x1df ./Core/Src/main.o
 .debug_macro   0x00001425       0x1c ./Core/Src/main.o
 .debug_macro   0x00001441       0x22 ./Core/Src/main.o
 .debug_macro   0x00001463       0xfb ./Core/Src/main.o
 .debug_macro   0x0000155e     0x1011 ./Core/Src/main.o
 .debug_macro   0x0000256f      0x11f ./Core/Src/main.o
 .debug_macro   0x0000268e     0xb881 ./Core/Src/main.o
 .debug_macro   0x0000df0f       0x6d ./Core/Src/main.o
 .debug_macro   0x0000df7c     0x3693 ./Core/Src/main.o
 .debug_macro   0x0001160f      0x190 ./Core/Src/main.o
 .debug_macro   0x0001179f       0x5c ./Core/Src/main.o
 .debug_macro   0x000117fb      0x416 ./Core/Src/main.o
 .debug_macro   0x00011c11      0x9e9 ./Core/Src/main.o
 .debug_macro   0x000125fa      0x115 ./Core/Src/main.o
 .debug_macro   0x0001270f       0xf8 ./Core/Src/main.o
 .debug_macro   0x00012807       0xa5 ./Core/Src/main.o
 .debug_macro   0x000128ac      0x15f ./Core/Src/main.o
 .debug_macro   0x00012a0b      0x287 ./Core/Src/main.o
 .debug_macro   0x00012c92       0x5f ./Core/Src/main.o
 .debug_macro   0x00012cf1      0x236 ./Core/Src/main.o
 .debug_macro   0x00012f27      0x132 ./Core/Src/main.o
 .debug_macro   0x00013059      0x23a ./Core/Src/main.o
 .debug_macro   0x00013293       0x2e ./Core/Src/main.o
 .debug_macro   0x000132c1      0x127 ./Core/Src/main.o
 .debug_macro   0x000133e8       0x85 ./Core/Src/main.o
 .debug_macro   0x0001346d       0x89 ./Core/Src/main.o
 .debug_macro   0x000134f6      0x22c ./Core/Src/main.o
 .debug_macro   0x00013722      0x126 ./Core/Src/main.o
 .debug_macro   0x00013848       0x4c ./Core/Src/main.o
 .debug_macro   0x00013894       0x22 ./Core/Src/main.o
 .debug_macro   0x000138b6      0x1c5 ./Core/Src/main.o
 .debug_macro   0x00013a7b       0x16 ./Core/Src/main.o
 .debug_macro   0x00013a91       0x1f ./Core/Src/main.o
 .debug_macro   0x00013ab0      0x1c9 ./Core/Src/stm32f4xx_hal_msp.o
 .debug_macro   0x00013c79      0x1d3 ./Core/Src/stm32f4xx_it.o
 .debug_macro   0x00013e4c      0x1ba ./Core/Src/system_stm32f4xx.o
 .debug_macro   0x00014006      0x1fe ./Drivers/GIF_player/gif_player.o
 .debug_macro   0x00014204      0x21a ./Drivers/STM32F4xx_HAL_Driver/Src/stm32f4xx_hal.o
 .debug_macro   0x0001441e      0x1ba ./Drivers/STM32F4xx_HAL_Driver/Src/stm32f4xx_hal_cortex.o
 .debug_macro   0x000145d8      0x1c0 ./Drivers/STM32F4xx_HAL_Driver/Src/stm32f4xx_hal_dma.o
 .debug_macro   0x00014798      0x1c0 ./Drivers/STM32F4xx_HAL_Driver/Src/stm32f4xx_hal_gpio.o
 .debug_macro   0x00014958      0x1de ./Drivers/STM32F4xx_HAL_Driver/Src/stm32f4xx_hal_rcc.o
 .debug_macro   0x00014b36      0x1c9 ./Drivers/STM32F4xx_HAL_Driver/Src/stm32f4xx_hal_spi.o
 .debug_macro   0x00014cff      0x2db ./Drivers/st7735/st7735.o
 .debug_macro   0x00014fda       0x52 ./Drivers/st7735/st7735.o
 .debug_macro   0x0001502c       0x61 ./Drivers/st7735/st7735.o
 .debug_macro   0x0001508d       0x3c ./Drivers/st7735/st7735.o
 .debug_macro   0x000150c9       0x16 ./Drivers/st7735/st7735.o
 .debug_macro   0x000150df       0x20 ./Drivers/st7735/st7735.o

.debug_line     0x00000000     0xb59f
 .debug_line    0x00000000      0xa80 ./Core/Src/main.o
 .debug_line    0x00000a80      0x831 ./Core/Src/stm32f4xx_hal_msp.o
 .debug_line    0x000012b1      0x812 ./Core/Src/stm32f4xx_it.o
 .debug_line    0x00001ac3      0x7ab ./Core/Src/system_stm32f4xx.o
 .debug_line    0x0000226e       0x7a ./Core/Startup/startup_stm32f401ccux.o
 .debug_line    0x000022e8      0x8c9 ./Drivers/GIF_player/gif_player.o
 .debug_line    0x00002bb1      0xac9 ./Drivers/STM32F4xx_HAL_Driver/Src/stm32f4xx_hal.o
 .debug_line    0x0000367a      0xdab ./Drivers/STM32F4xx_HAL_Driver/Src/stm32f4xx_hal_cortex.o
 .debug_line    0x00004425     0x13bc ./Drivers/STM32F4xx_HAL_Driver/Src/stm32f4xx_hal_dma.o
 .debug_line    0x000057e1      0xcac ./Drivers/STM32F4xx_HAL_Driver/Src/stm32f4xx_hal_gpio.o
 .debug_line    0x0000648d     0x118d ./Drivers/STM32F4xx_HAL_Driver/Src/stm32f4xx_hal_rcc.o
 .debug_line    0x0000761a     0x2e58 ./Drivers/STM32F4xx_HAL_Driver/Src/stm32f4xx_hal_spi.o
 .debug_line    0x0000a472     0x112d ./Drivers/st7735/st7735.o

.debug_str      0x00000000    0x84a75
 .debug_str     0x00000000    0x84a75 ./Core/Src/main.o
                              0x7ffac (size before relaxing)
 .debug_str     0x00084a75    0x7f69e ./Core/Src/stm32f4xx_hal_msp.o
 .debug_str     0x00084a75    0x7f1b0 ./Core/Src/stm32f4xx_it.o
 .debug_str     0x00084a75    0x7ec61 ./Core/Src/system_stm32f4xx.o
 .debug_str     0x00084a75       0x63 ./Core/Startup/startup_stm32f401ccux.o
 .debug_str     0x00084a75    0x7f33e ./Drivers/GIF_player/gif_player.o
 .debug_str     0x00084a75    0x7f683 ./Drivers/STM32F4xx_HAL_Driver/Src/stm32f4xx_hal.o
 .debug_str     0x00084a75    0x7f3ed ./Drivers/STM32F4xx_HAL_Driver/Src/stm32f4xx_hal_cortex.o
 .debug_str     0x00084a75    0x7f069 ./Drivers/STM32F4xx_HAL_Driver/Src/stm32f4xx_hal_dma.o
 .debug_str     0x00084a75    0x7eddc ./Drivers/STM32F4xx_HAL_Driver/Src/stm32f4xx_hal_gpio.o
 .debug_str     0x00084a75    0x7f0a6 ./Drivers/STM32F4xx_HAL_Driver/Src/stm32f4xx_hal_rcc.o
 .debug_str     0x00084a75    0x7f73f ./Drivers/STM32F4xx_HAL_Driver/Src/stm32f4xx_hal_spi.o
 .debug_str     0x00084a75    0x82c14 ./Drivers/st7735/st7735.o

.comment        0x00000000       0x43
 .comment       0x00000000       0x43 ./Core/Src/main.o
                                 0x44 (size before relaxing)
 .comment       0x00000043       0x44 ./Core/Src/stm32f4xx_hal_msp.o
 .comment       0x00000043       0x44 ./Core/Src/stm32f4xx_it.o
 .comment       0x00000043       0x44 ./Core/Src/system_stm32f4xx.o
 .comment       0x00000043       0x44 ./Drivers/GIF_player/gif_player.o
 .comment       0x00000043       0x44 ./Drivers/STM32F4xx_HAL_Driver/Src/stm32f4xx_hal.o
 .comment       0x00000043       0x44 ./Drivers/STM32F4xx_HAL_Driver/Src/stm32f4xx_hal_cortex.o
 .comment       0x00000043       0x44 ./Drivers/STM32F4xx_HAL_Driver/Src/stm32f4xx_hal_dma.o
 .comment       0x00000043       0x44 ./Drivers/STM32F4xx_HAL_Driver/Src/stm32f4xx_hal_gpio.o
 .comment       0x00000043       0x44 ./Drivers/STM32F4xx_HAL_Driver/Src/stm32f4xx_hal_rcc.o
 .comment       0x00000043       0x44 ./Drivers/STM32F4xx_HAL_Driver/Src/stm32f4xx_hal_spi.o
 .comment       0x00000043       0x44 ./Drivers/st7735/st7735.o

.debug_frame    0x00000000     0x1324
 .debug_frame   0x00000000       0x74 ./Core/Src/main.o
 .debug_frame   0x00000074       0x70 ./Core/Src/stm32f4xx_hal_msp.o
 .debug_frame   0x000000e4       0xc8 ./Core/Src/stm32f4xx_it.o
 .debug_frame   0x000001ac       0x30 ./Core/Src/system_stm32f4xx.o
 .debug_frame   0x000001dc       0x9c ./Drivers/GIF_player/gif_player.o
 .debug_frame   0x00000278      0x1f4 ./Drivers/STM32F4xx_HAL_Driver/Src/stm32f4xx_hal.o
 .debug_frame   0x0000046c      0x188 ./Drivers/STM32F4xx_HAL_Driver/Src/stm32f4xx_hal_cortex.o
 .debug_frame   0x000005f4      0x17c ./Drivers/STM32F4xx_HAL_Driver/Src/stm32f4xx_hal_dma.o
 .debug_frame   0x00000770       0xd8 ./Drivers/STM32F4xx_HAL_Driver/Src/stm32f4xx_hal_gpio.o
 .debug_frame   0x00000848      0x178 ./Drivers/STM32F4xx_HAL_Driver/Src/stm32f4xx_hal_rcc.o
 .debug_frame   0x000009c0      0x694 ./Drivers/STM32F4xx_HAL_Driver/Src/stm32f4xx_hal_spi.o
 .debug_frame   0x00001054      0x244 ./Drivers/st7735/st7735.o
 .debug_frame   0x00001298       0x2c C:/ST/STM32CubeIDE_1.18.1/STM32CubeIDE/plugins/com.st.stm32cube.ide.mcu.externaltools.gnu-tools-for-stm32.13.3.rel1.win32_1.0.0.202411081344/tools/bin/../lib/gcc/arm-none-eabi/13.3.1/../../../../arm-none-eabi/lib/thumb/v7e-m+fp/hard\libc_nano.a(libc_a-init.o)
 .debug_frame   0x000012c4       0x2c C:/ST/STM32CubeIDE_1.18.1/STM32CubeIDE/plugins/com.st.stm32cube.ide.mcu.externaltools.gnu-tools-for-stm32.13.3.rel1.win32_1.0.0.202411081344/tools/bin/../lib/gcc/arm-none-eabi/13.3.1/thumb/v7e-m+fp/hard\libgcc.a(_aeabi_uldivmod.o)
 .debug_frame   0x000012f0       0x34 C:/ST/STM32CubeIDE_1.18.1/STM32CubeIDE/plugins/com.st.stm32cube.ide.mcu.externaltools.gnu-tools-for-stm32.13.3.rel1.win32_1.0.0.202411081344/tools/bin/../lib/gcc/arm-none-eabi/13.3.1/thumb/v7e-m+fp/hard\libgcc.a(_udivmoddi4.o)

.debug_loclists
                0x00000000     0x384b
 .debug_loclists
                0x00000000       0x45 ./Core/Src/stm32f4xx_hal_msp.o
 .debug_loclists
                0x00000045       0x7b ./Core/Src/system_stm32f4xx.o
 .debug_loclists
                0x000000c0       0xd7 ./Drivers/GIF_player/gif_player.o
 .debug_loclists
                0x00000197       0xf4 ./Drivers/STM32F4xx_HAL_Driver/Src/stm32f4xx_hal.o
 .debug_loclists
                0x0000028b      0x5dd ./Drivers/STM32F4xx_HAL_Driver/Src/stm32f4xx_hal_cortex.o
 .debug_loclists
                0x00000868      0x655 ./Drivers/STM32F4xx_HAL_Driver/Src/stm32f4xx_hal_dma.o
 .debug_loclists
                0x00000ebd      0x3ae ./Drivers/STM32F4xx_HAL_Driver/Src/stm32f4xx_hal_gpio.o
 .debug_loclists
                0x0000126b      0x390 ./Drivers/STM32F4xx_HAL_Driver/Src/stm32f4xx_hal_rcc.o
 .debug_loclists
                0x000015fb     0x1646 ./Drivers/STM32F4xx_HAL_Driver/Src/stm32f4xx_hal_spi.o
 .debug_loclists
                0x00002c41      0xc0a ./Drivers/st7735/st7735.o

.debug_line_str
                0x00000000       0x47
 .debug_line_str
                0x00000000       0x47 ./Core/Startup/startup_stm32f401ccux.o
