../Drivers/st7735/st7735.c:112:13:ST7735_ExecuteCommandList	40	static
../Drivers/st7735/st7735.c:138:13:ST7735_SetAddressWindow	40	static
../Drivers/st7735/st7735.c:239:6:ST7735_FillRectangle.part.0	32	static
../Drivers/st7735/st7735.c:259:6:ST7735_FillRectangleFast.part.0	32	static
../Drivers/st7735/st7735.c:92:6:ST7735_Unselect	0	static
../Drivers/st7735/st7735.c:154:6:ST7735_Init	8	static
../Drivers/st7735/st7735.c:164:6:ST7735_DrawPixel	24	static
../Drivers/st7735/st7735.c:213:6:ST7735_WriteString	80	static
../Drivers/st7735/st7735.c:239:6:ST7735_FillRectangle	4	static
../Drivers/st7735/st7735.c:259:6:ST7735_FillRectangleFast	4	static
../Drivers/st7735/st7735.c:282:6:ST7735_FillScreen	16	static
../Drivers/st7735/st7735.c:286:6:ST7735_FillScreenFast	16	static
../Drivers/st7735/st7735.c:290:6:ST7735_DrawImage	24	static
../Drivers/st7735/st7735.c:301:6:ST7735_InvertColors	24	static
../Drivers/st7735/st7735.c:307:6:ST7735_SetGamma	32	static
